/* -*- Mode: c -*- */
####################################################################################################
Core 0
####################################################################################################
Cumulative:        Cycles: 515855                Instructions: 444398                IPC: 0.86148

POWER_STATS_BEGIN                                    0                              0              

POWER_TIME                                161204687500                   161204687500              

POWER_CYCLE                                     515855                         515855              

POWER_ITLB_ACCESS                               319119                         319119              

POWER_DTLB_ACCESS                                44429                          44429              

POWER_ICACHE_ACCESS                             319119                         319119              

POWER_ICACHE_MISS                                 2334                           2334              

POWER_BTB_READ                                  319119                         319119              

POWER_BTB_WRITE                                   6644                           6644              

POWER_ROB_READ                                  697755                         697755              

POWER_ROB_WRITE                                 697755                         697755              

POWER_RENAME_READ                              1395510                        1395510              

POWER_RENAME_WRITE                              697755                         697755              

POWER_FP_RENAME_READ                                 0                              0              

POWER_FP_RENAME_WRITE                                0                              0              

POWER_FUNCTION_CALL                               5920                           5920              

POWER_INST_WINDOW_READ                          697755                         697755              

POWER_INST_WINDOW_WRITE                         697755                         697755              

POWER_INT_REGFILE_READ                          761106                         761106              

POWER_INT_REGFILE_WRITE                         611012                         611012              

POWER_IALU_ACCESS                               697213                         697213              

POWER_CDB_IALU_ACCESS                           697213                         697213              

POWER_MUL_ACCESS                                   542                            542              

POWER_CDB_MUL_ACCESS                               542                            542              

POWER_FP_INST_WINDOW_WRITE                           0                              0              

POWER_FP_INST_WINDOW_READ                            0                              0              

POWER_FP_REGFILE_READ                                0                              0              

POWER_FP_REGFILE_WRITE                               0                              0              

POWER_FPU_ACCESS                                     0                              0              

POWER_CDB_FPU_ACCESS                                 0                              0              

POWER_DCACHE_READ_ACCESS                        158703                         158703              

POWER_DCACHE_WRITE_ACCESS                        46624                          46624              

POWER_DCACHE_READ_MISS                           19887                          19887              

POWER_DCACHE_WRITE_MISS                           6667                           6667              

POWER_MLC_READ_ACCESS                                0                              0              

POWER_MLC_WRITE_ACCESS                               0                              0              

POWER_MLC_READ_MISS                                  0                              0              

POWER_MLC_WRITE_MISS                                 0                              0              

POWER_LLC_READ_ACCESS                            10877                          10877              

POWER_LLC_WRITE_ACCESS                            1086                           1086              

POWER_LLC_READ_MISS                               6439                           6439              

POWER_LLC_WRITE_MISS                                 0                              0              

POWER_MEMORY_ACCESS                                  0                              0              

POWER_MEMORY_READ_ACCESS                             0                              0              

POWER_MEMORY_WRITE_ACCESS                            0                              0              

POWER_INST_WINDOW_WAKEUP_ACCESS                 697755                         697755              

POWER_FP_INST_WINDOW_WAKEUP_ACCESS                   0                              0              

POWER_L1DIREC_READ_ACCESS                            0                              0              

POWER_L1DIREC_WRITE_ACCESS                           0                              0              

POWER_L1DIREC_READ_MISS                              0                              0              

POWER_L1DIREC_WRITE_MISS                             0                              0              

POWER_L2DIREC_READ_ACCESS                            0                              0              

POWER_L2DIREC_WRITE_ACCESS                           0                              0              

POWER_L2DIREC_READ_MISS                              0                              0              

POWER_L2DIREC_WRITE_MISS                             0                              0              

POWER_MEMORY_CTRL_ACCESS                          6439                           6439              

POWER_MEMORY_CTRL_READ                            6439                           6439              

POWER_MEMORY_CTRL_WRITE                              0                              0              

POWER_OP                                        697755                         697755              

POWER_INT_OP                                    643050                         643050              

POWER_FP_OP                                      19700                          19700              

POWER_LD_OP                                     163319                         163319              

POWER_ST_OP                                      44429                          44429              

POWER_BRANCH_MISPREDICT                           6644                           6644              

POWER_COMMITTED_OP                              504678                         504678              

POWER_COMMITTED_INT_OP                          488997                         488997              

POWER_COMMITTED_FP_OP                            15681                          15681              

POWER_BRANCH_OP                                 115749                         115749              

POWER_DRAM_PRECHARGE                               987                            987              

POWER_DRAM_ACTIVATE                               1263                           1263              

POWER_DRAM_READ                                   6439                           6439              

POWER_DRAM_WRITE                                     0                              0              

POWER_STATS_END                                      0                              0              

ENERGY                                        0.000000                       0.000000              

ENERGY_CORE                                   0.000000                       0.000000              

ENERGY_UNCORE                                 0.000000                       0.000000              

ENERGY_MEMORY                                 0.000000                       0.000000              

ENERGY_OTHER                                  0.000000                       0.000000              

ENERGY_CORE_STATIC                            0.000000                       0.000000              

ENERGY_CORE_DYNAMIC                           0.000000                       0.000000              

ENERGY_UNCORE_STATIC                          0.000000                       0.000000              

ENERGY_UNCORE_DYNAMIC                         0.000000                       0.000000              

ENERGY_MEMORY_STATIC                          0.000000                       0.000000              

ENERGY_MEMORY_DYNAMIC                         0.000000                       0.000000              

ENERGY_OTHER_STATIC                           0.000000                       0.000000              

ENERGY_OTHER_DYNAMIC                          0.000000                       0.000000              

TIME                                          0.000000                       0.000000              

ENERGY_STATS_END                                     0                              0              



