/* -*- Mode: c -*- */
####################################################################################################
Core 0
####################################################################################################
Cumulative:        Cycles: 515855                Instructions: 444398                IPC: 0.86148

DCACHE_PREF_HIT                                      0                              0              

IFETCH_WB_FIRST_SCHEDULE                             0         -nan%                0         -nan%
PREFETCH_LAST_SCHEDULE                               0         -nan%                0         -nan%
DEMAND_PASS_PREF_SCHEDULE                            0         -nan%                0         -nan%
DEMAND_PASS_LOW_OP_SCHEDULE                          0         -nan%                0         -nan%
DEMAND_LAST_SCHEDULE                                 0         -nan%                0         -nan%
                                                     0         -nan%                0         -nan%
                                                  -nan         -nan              -nan         -nan

SEND_MISS_REQ_QUEUE                               6439                           6439              

L1_DATA_EVICT                                        0                              0              

STREAM_BUFFER_REQ                                    0                              0              

PREF_SEND_TO_MEM_REQ                                 0         -nan%                0         -nan%
PREF_SEND_TO_MEM_REQ_FAIL                            0         -nan%                0         -nan%
                                                     0         -nan%                0         -nan%
                                                  -nan         -nan              -nan         -nan

HIT_TRAIN_STREAM                                  2766       61.769%             2766       61.769%
MISS_TRAIN_STREAM                                 1712       38.231%             1712       38.231%
                                                  4478      100.000%             4478      100.000%
                                                  0.38         0.45              0.38         0.45

STREAM_TRAIN_CREATE                                785                            785              

MEM_REQ_MISS_HWP_PREF_Q                              0         -nan%                0         -nan%
MEM_REQ_MISS_SW_PREF_Q                               0         -nan%                0         -nan%
MEM_REQ_MISS_IFETCH_Q                                0         -nan%                0         -nan%
MEM_REQ_MISS_DFETCH_Q                                0         -nan%                0         -nan%
MEM_REQ_MISS_DSTORE_Q                                0         -nan%                0         -nan%
MEM_REQ_MISS_DPRF_Q                                  0         -nan%                0         -nan%
MEM_REQ_MISS_WB_Q                                    0         -nan%                0         -nan%
                                                     0         -nan%                0         -nan%
                                                  -nan         -nan              -nan         -nan

PREF_HIT_BY_DEMAND_IFETCH                            0         -nan%                0         -nan%
PREF_HIT_BY_DEMAND_DFETCH                            0         -nan%                0         -nan%
PREF_HIT_BY_DEMAND_DSTORE                            0         -nan%                0         -nan%
PREF_HIT_BY_DEMAND_IPREF                             0         -nan%                0         -nan%
PREF_HIT_BY_DEMAND_DPRF                              0         -nan%                0         -nan%
PREF_HIT_BY_DEMAND_WB                                0         -nan%                0         -nan%
PREF_HIT_BY_PREF                                     0         -nan%                0         -nan%
                                                     0         -nan%                0         -nan%
                                                  -nan         -nan              -nan         -nan

PREF_HIT_DEMAND_IFETCH                               0         -nan%                0         -nan%
PREF_HIT_DEMAND_DFETCH                               0         -nan%                0         -nan%
PREF_HIT_DEMAND_DSTORE                               0         -nan%                0         -nan%
PREF_HIT_DEMAND_IPREF                                0         -nan%                0         -nan%
PREF_HIT_DEMAND_DPRF                                 0         -nan%                0         -nan%
PREF_HIT_DEMAND_WB                                   0         -nan%                0         -nan%
                                                     0         -nan%                0         -nan%
                                                  -nan         -nan              -nan         -nan

PREF_L1_FILL                                         0         -nan%                0         -nan%
DEMAND_L1_FILL                                       0         -nan%                0         -nan%
                                                     0         -nan%                0         -nan%
                                                  -nan         -nan              -nan         -nan

TOUCH_L1_REPLACE                                     0         -nan%                0         -nan%
NO_TOUCH_L1_REPLACE                                  0         -nan%                0         -nan%
                                                     0         -nan%                0         -nan%
                                                  -nan         -nan              -nan         -nan

PREF_REQ_QUE_FULL                                    0                              0              

STREAM_REQ_QUEUE_HIT_BY_DEMAND                       0                              0              

L2HIT_STREAM_PREF_REQ_QUE_FULL                       0                              0              

L2HIT_HIT_TRAIN_STREAM                               0         -nan%                0         -nan%
L2HIT_MISS_TRAIN_STREAM                              0         -nan%                0         -nan%
                                                     0         -nan%                0         -nan%
                                                  -nan         -nan              -nan         -nan

L2HIT_STREAM_TRAIN_CREATE                            0                              0              

L2HIT_STREAM_BUFFER_REQ                              0                              0              

L2HIT_STREAM_PREF_DCACHE_HIT                         0         -nan%                0         -nan%
L2HIT_STREAM_PREF_DCACHE_INSERT                      0         -nan%                0         -nan%
L2HIT_STREAM_L2_MISS                                 0         -nan%                0         -nan%
                                                     0         -nan%                0         -nan%
                                                  -nan         -nan              -nan         -nan

L2HIT_STREAM_DCACHE_PORT_FULL                        0                              0              

L2HIT_STREAM_PREF_L1_PORT_FULL                       0                              0              

L2HIT_TRAIN_HIT_DEMAND                               0         -nan%                0         -nan%
L2HIT_TRAIN_MISS_REQ                                 0         -nan%                0         -nan%
                                                     0         -nan%                0         -nan%
                                                  -nan         -nan              -nan         -nan

L2HIT_TRAIN_FILTER_MISS                              0         -nan%                0         -nan%
L2HIT_TRAIN_FILTER_HIT                               0         -nan%                0         -nan%
                                                     0         -nan%                0         -nan%
                                                  -nan         -nan              -nan         -nan

L2HIT_PREF_REQ_DCACHE_HIT                            0         -nan%                0         -nan%
L2HIT_PREF_REQ_DCACHE_MISS                           0         -nan%                0         -nan%
                                                     0         -nan%                0         -nan%
                                                  -nan         -nan              -nan         -nan

L2HIT_L2SEND_Q_FULL                                  0         -nan%                0         -nan%
L2HIT_L2SEND_Q_ENTER                                 0         -nan%                0         -nan%
                                                     0         -nan%                0         -nan%
                                                  -nan         -nan              -nan         -nan

L2HIT_MEM_REQ                                        0                              0              

REMOVE_REDUNDANT_STREAM_STAT                         0                              0              

REPLACE_OLD_STREAM                                 769                            769              

REQ_SEND_QUEUE_STALL                                 0                              0              

STREAM_ENTER_RA                                      0                              0              

CORE_STREAM_LENGTH_0                                21       16.279%               21       16.279%
CORE_STREAM_LENGTH_10                               59       45.736%               59       45.736%
CORE_STREAM_LENGTH_20                               20       15.504%               20       15.504%
CORE_STREAM_LENGTH_30                               10        7.752%               10        7.752%
CORE_STREAM_LENGTH_40                                3        2.326%                3        2.326%
CORE_STREAM_LENGTH_50                                4        3.101%                4        3.101%
CORE_STREAM_LENGTH_60                                3        2.326%                3        2.326%
CORE_STREAM_LENGTH_70                                2        1.550%                2        1.550%
CORE_STREAM_LENGTH_80                                2        1.550%                2        1.550%
CORE_STREAM_LENGTH_90                                0        0.000%                0        0.000%
CORE_STREAM_LENGTH_100_P                             5        3.876%                5        3.876%
                                                   129      100.000%              129      100.000%
                                                  2.01         2.21              2.01         2.21

CORE_CUM_STREAM_LENGTH_0                           150        3.269%              150        3.269%
CORE_CUM_STREAM_LENGTH_10                          821       17.891%              821       17.891%
CORE_CUM_STREAM_LENGTH_20                          457        9.959%              457        9.959%
CORE_CUM_STREAM_LENGTH_30                          360        7.845%              360        7.845%
CORE_CUM_STREAM_LENGTH_40                          135        2.942%              135        2.942%
CORE_CUM_STREAM_LENGTH_50                          219        4.772%              219        4.772%
CORE_CUM_STREAM_LENGTH_60                          194        4.228%              194        4.228%
CORE_CUM_STREAM_LENGTH_70                          144        3.138%              144        3.138%
CORE_CUM_STREAM_LENGTH_80                          170        3.705%              170        3.705%
CORE_CUM_STREAM_LENGTH_90                            0        0.000%                0        0.000%
CORE_CUM_STREAM_LENGTH_100_P                      1939       42.253%             1939       42.253%
                                                  4589      100.000%             4589      100.000%
                                                  5.96         5.38              5.96         5.38

CORE_STREAM_TRAIN_HITS_0                            83       64.341%               83       64.341%
CORE_STREAM_TRAIN_HITS_10                           23       17.829%               23       17.829%
CORE_STREAM_TRAIN_HITS_20                            8        6.202%                8        6.202%
CORE_STREAM_TRAIN_HITS_30                            2        1.550%                2        1.550%
CORE_STREAM_TRAIN_HITS_40                            5        3.876%                5        3.876%
CORE_STREAM_TRAIN_HITS_50                            2        1.550%                2        1.550%
CORE_STREAM_TRAIN_HITS_60                            1        0.775%                1        0.775%
CORE_STREAM_TRAIN_HITS_70                            0        0.000%                0        0.000%
CORE_STREAM_TRAIN_HITS_80                            0        0.000%                0        0.000%
CORE_STREAM_TRAIN_HITS_90                            0        0.000%                0        0.000%
CORE_STREAM_TRAIN_HITS_100_P                         5        3.876%                5        3.876%
                                                   129      100.000%              129      100.000%
                                                  1.02         2.03              1.02         2.03

CORE_CUM_STREAM_TRAIN_HITS_0                       526       16.027%              526       16.027%
CORE_CUM_STREAM_TRAIN_HITS_10                      308        9.385%              308        9.385%
CORE_CUM_STREAM_TRAIN_HITS_20                      185        5.637%              185        5.637%
CORE_CUM_STREAM_TRAIN_HITS_30                       72        2.194%               72        2.194%
CORE_CUM_STREAM_TRAIN_HITS_40                      221        6.734%              221        6.734%
CORE_CUM_STREAM_TRAIN_HITS_50                      109        3.321%              109        3.321%
CORE_CUM_STREAM_TRAIN_HITS_60                       66        2.011%               66        2.011%
CORE_CUM_STREAM_TRAIN_HITS_70                        0        0.000%                0        0.000%
CORE_CUM_STREAM_TRAIN_HITS_80                        0        0.000%                0        0.000%
CORE_CUM_STREAM_TRAIN_HITS_90                        0        0.000%                0        0.000%
CORE_CUM_STREAM_TRAIN_HITS_100_P                  1795       54.692%             1795       54.692%
                                                  3282      100.000%             3282      100.000%
                                                  6.30         5.79              6.30         5.79

CORE_STREAM_TRAIN_CREATE                           785                            785              



